COMPONENT n=2 canon=[monster3_mesh_node_32102]
COMPONENT n=4 canon=[L02_Content_medicine_bottle1_(15)_medicine bottle1]
COMPONENT n=2 canon=[L02_Content_medicine_bottle5_(5)_medicine bottle5]
COMPONENT n=3 canon=[L02_Content_metal_tray_(3)_metal tray]
COMPONENT n=2 canon=[L02_Content_medicine_bottle6_(12)_medicine bottle6]
COMPONENT n=2 canon=[L045_Content_hospital_sign11_(1)_hospital sign11]
COMPONENT n=2 canon=[L03_Content_RoomNumber2_(1)_RoomNumber2]
COMPONENT n=2 canon=[L03_Content_dining_table_(1)_dining_table]
COMPONENT n=2 canon=[L045_Content_sign2_(1)_mesh_node]
COMPONENT n=2 canon=[L02_Content_wall5_(10)_wall5]
COMPONENT n=4 canon=[L02_Content_screen_(10)_mesh_node]
COMPONENT n=2 canon=[L01_Content_Level01_SelectedArt_SourceManifest_SetDressing_Meshy_AI_Weathered_Wood_Chair_0803213228_texture_(1)_mesh_node]
COMPONENT n=2 canon=[L03_Content_RoomNumber3_(1)_RoomNumber3]
COMPONENT n=4 canon=[L02_Content_medicine_bottle9_(3)_medicine bottle9]
COMPONENT n=2 canon=[L01_Content_Level01_SelectedArt_SourceManifest_Architecture_door5__jamb_(1)_mesh_node]
COMPONENT n=2 canon=[L04_Content_Restroom1_(1)_Restroom1]
COMPONENT n=2 canon=[L04_Content_DirtyLinenTrolley_(4)_mesh_node]
COMPONENT n=3 canon=[L04_Content_medicine_bottle3_(11)_medicine bottle3]
COMPONENT n=2 canon=[L01_Content_Level01_SelectedArt_SourceManifest_SetDressing_picture8_(1)_picture8]
COMPONENT n=14 canon=[L01_Content_L01_Door_Mechanism_door5_(1)_mesh_node]
COMPONENT n=2 canon=[L03_Content_toy2_(1)_mesh_node]
COMPONENT n=9 canon=[L045_Content_pendant_lamp_(1)_mesh_node]
COMPONENT n=2 canon=[Meshy_AI_Rusty_Iron_Pedal_Car_0801143638_texture_(2)_Mesh1.0_32564]
COMPONENT n=2 canon=[Level03ContentRoot_L03_Content_door5__jamb_(2)_mesh_node]
COMPONENT n=2 canon=[L02_Content_screen_(12)_mesh_node]
COMPONENT n=2 canon=[L02_Content_cabinet_(3)_cabinet]
COMPONENT n=2 canon=[L02_Content_medicine_bottle5_(14)_medicine bottle5]
COMPONENT n=2 canon=[L03_Content_door5__jamb_(4)_mesh_node]
COMPONENT n=2 canon=[L02_Content_medicine_bottle5_(10)_medicine bottle5]
COMPONENT n=13 canon=[L02_Content_Pedal1_(2)_mesh_node]
COMPONENT n=20 canon=[L045_Content_floor_tile_blue_(1)_mesh_node]
COMPONENT n=2 canon=[L02_Content_wall5_(13)_wall5]
COMPONENT n=2 canon=[L03_Content_wall5_(35)_wall5]
COMPONENT n=2 canon=[L01_Content_Level01_SelectedArt_SourceManifest_SetDressing_picture5_(1)_picture5]
COMPONENT n=2 canon=[L01_Content_Level01_SelectedArt_SourceManifest_SetDressing_picture6_(1)_picture6]
COMPONENT n=2 canon=[L05_Content_bookcase_wooden_(1)_mesh_node]
COMPONENT n=3 canon=[L02_Content_medicine_bottle1_(7)_medicine bottle1]
COMPONENT n=2 canon=[L02_Content_medical_privacy_screen_(20)_mesh_node]
COMPONENT n=2 canon=[L03_Content_toy_horse_(1)_toy horse]
COMPONENT n=2 canon=[L02_Content_medicine_bottle5_(6)_medicine bottle5]
COMPONENT n=10 canon=[L03_Content_air鈥憊ent_(2)_air鈥憊ent]
COMPONENT n=3 canon=[L05_Content_wall2_(3)_wall2]
COMPONENT n=2 canon=[L01_Content_Level01_SelectedArt_SourceManifest_SetDressing_desk2_(1)_mesh_node]
COMPONENT n=2 canon=[L03_Content_toy3_(1)_mesh_node]
COMPONENT n=2 canon=[L01_Content_Level01_SelectedArt_SourceManifest_GameplayVisuals_door2_door2]
COMPONENT n=2 canon=[L03_Content_door5__jamb_(2)_mesh_node]
COMPONENT n=43 canon=[L04_Content_wall_lamp_(1)_wall_lamp]
COMPONENT n=8 canon=[L02_Content_medicine_bottle4_(10)_medicine bottle4]
COMPONENT n=4 canon=[L02_Content_folded_files_(2)_folded_files]
COMPONENT n=2 canon=[L01_Content_Level01_SelectedArt_SourceManifest_SetDressing_old鈥慺ashioned_CRT_monitor_pc_(1)_old鈥慺ashioned CRT monitor pc]
COMPONENT n=6 canon=[L02_Content_medicine鈥慶art_(1)_mesh_node]
COMPONENT n=2 canon=[L03_Content_metal_grille_window_(2)_mesh_node]
COMPONENT n=3 canon=[L02_Content_wall5_(16)_wall5]
COMPONENT n=2 canon=[L03_Content_picture8_(1)_picture8]
COMPONENT n=2 canon=[L01_Content_Level01_SelectedArt_SourceManifest_SetDressing_toy_bear_(1)_Mesh1.0]
COMPONENT n=4 canon=[L02_Content_medicine_bottle5_(12)_medicine bottle5]
COMPONENT n=2 canon=[L03_Content_wall5_(37)_wall5]
COMPONENT n=2 canon=[L01_Content_Level01_SelectedArt_SourceManifest_Architecture_broken_wall_(1)_broken_wall]
COMPONENT n=2 canon=[L01_Content_Level01_SelectedArt_SourceManifest_SetDressing_cabinet_(1)_cabinet]
COMPONENT n=3 canon=[L03_Content_hospital_sign10_(1)_hospital sign10]
COMPONENT n=3 canon=[L04_Content_dog_(3)_mesh_node]
COMPONENT n=2 canon=[L03_Content_window_curtain_(2)_window_curtain]
COMPONENT n=2 canon=[L03_Content_metal_slide_(1)_metal_slide]
COMPONENT n=2 canon=[L02_Content_medicine_bottle7_(3)_medicine bottle7]
COMPONENT n=7 canon=[L02_Content_wall3_(7)_wall3]
COMPONENT n=2 canon=[L03_Content_toy_dice_(5)_toy dice]
COMPONENT n=2 canon=[L04_Content_FloorLamp_(1)_mesh_node]
COMPONENT n=3 canon=[L04_Content_boy_(3)_mesh_node]
COMPONENT n=2 canon=[L02_Content_medicine_bottle1_(14)_medicine bottle1]
COMPONENT n=2 canon=[L03_Content_toy_dice_(7)_toy dice]
COMPONENT n=2 canon=[L03_Content_picture7_(1)_picture7]
COMPONENT n=2 canon=[L03_Content_toy_dice_(6)_toy dice]
COMPONENT n=4 canon=[L02_Content_medicine_bottle3_(3)_medicine bottle3]
COMPONENT n=4 canon=[L01_Content_Level01_SelectedArt_SourceManifest_SetDressing_hospital_sign7_(1)_hospital sign7]
COMPONENT n=2 canon=[L03_Content_toy2_(3)_mesh_node]
COMPONENT n=2 canon=[L01_Content_Level01_SelectedArt_SourceManifest_SetDressing_screen_(2)_mesh_node]
COMPONENT n=8 canon=[L02_Content_waiting鈥憆oom_chairs_(1)_Mesh1.0]
COMPONENT n=2 canon=[L03_Content_picture3_(1)_picture3]
COMPONENT n=12 canon=[L045_Content_wall_tile_(1)_mesh_node]
COMPONENT n=2 canon=[L02_Content_screen_(13)_mesh_node]
COMPONENT n=6 canon=[L03_Content_clock_(3)_clock]
COMPONENT n=2 canon=[L03_Content_metal_grille_door_(3)_mesh_node]
COMPONENT n=5 canon=[L03_Content_picture2_(3)_picture2]
COMPONENT n=2 canon=[L01_Content_Level01_SelectedArt_SourceManifest_SetDressing_medicine_bottle3_(1)_medicine bottle3]
COMPONENT n=2 canon=[L01_Content_Level01_SelectedArt_SourceManifest_SetDressing_rubbish_bin_(1)_rubbish bin]
COMPONENT n=2 canon=[L01_Content_Level01_SelectedArt_SourceManifest_Architecture_wall5_(11)_wall5]
COMPONENT n=2 canon=[L02_Content_TriageHallSign_(1)_mesh_node]
COMPONENT n=2 canon=[L05_Content_medicine_bottle3_(14)_medicine bottle3]
COMPONENT n=2 canon=[L04_Content_medicine_bottle4_(17)_medicine bottle4]
COMPONENT n=2 canon=[L03_Content_RoomNumber4_(1)_RoomNumber4]
COMPONENT n=2 canon=[L01_Content_Level01_SelectedArt_SourceManifest_SetDressing_low_wooden_stool_(1)_mesh_node]
COMPONENT n=2 canon=[L01_Content_Level01_SelectedArt_SourceManifest_Architecture_wall5_(2)_wall5]
COMPONENT n=2 canon=[L03_Content_polluted鈥憄rivacy_curtain_(2)_polluted鈥憄rivacy_curtain]
COMPONENT n=33 canon=[L02_Content_floor2_(3)_floor.001]
COMPONENT n=2 canon=[L02_Content_medicine_bottle2_(3)_medicine bottle2]
COMPONENT n=2 canon=[L02_Content_old_clipboard_(5)_old_clipboard]
COMPONENT n=10 canon=[L02_Content_Pedal2_(2)_mesh_node]
COMPONENT n=2 canon=[L02_Content_triage_desk_(1)_mesh_node]
COMPONENT n=4 canon=[L04_Content_medical_trolley_(1)_mesh_node]
COMPONENT n=2 canon=[L02_Content_screen_(8)_mesh_node]
COMPONENT n=2 canon=[L04_Content_big_metal_locker_(4)_big metal locker   ]
COMPONENT n=5 canon=[L03_Content_picture1_(3)_picture1]
COMPONENT n=2 canon=[Level03ContentRoot_L03_Content_wall5_(38)_wall5]
COMPONENT n=2 canon=[L03_Content_toy_dice_(9)_toy dice]
COMPONENT n=2 canon=[L02_Content_wheelchair_(3)_wheelchair]
COMPONENT n=42 canon=[L05_Content_Restroom1_(3)_Restroom1]
COMPONENT n=2 canon=[L05_Content_Pedal1_(10)_mesh_node]
COMPONENT n=2 canon=[L02_Content_hospital_sign6_(1)_hospital sign6]
COMPONENT n=6 canon=[L02_Content_drug_storage_shelf_(1)_mesh_node]
COMPONENT n=2 canon=[L02_Content_hospital_sign2_(1)_hospital sign2]
COMPONENT n=2 canon=[L02_Content_wall4_(1)_wall4]
COMPONENT n=2 canon=[L05_Content_VintageWoodenBookCabinet_(1)_tripo_node_a5c5db3a]
COMPONENT n=2 canon=[L01_Content_Level01_SelectedArt_SourceManifest_Architecture_wall5_(10)_wall5]
COMPONENT n=9 canon=[L045_Content_door3_(1)_mesh_node]
COMPONENT n=2 canon=[L02_Content_wall5_(14)_wall5]
COMPONENT n=2 canon=[L02_Content_medicine_bottle1_(10)_medicine bottle1]
COMPONENT n=2 canon=[L01_Content_Level01_SelectedArt_SourceManifest_SetDressing_carpet_(2)_mesh_node]
COMPONENT n=8 canon=[L02_Content_medicine_bottle5_(7)_medicine bottle5]
COMPONENT n=3 canon=[L02_Content_medicine_bottle4_(4)_medicine bottle4]
COMPONENT n=2 canon=[L01_Content_Level01_SelectedArt_SourceManifest_Architecture_wall1_(1)_wall1]
COMPONENT n=2 canon=[L05_Content_Pedal2_(10)_mesh_node]
COMPONENT n=2 canon=[L02_Content_medicine_bottle4_(6)_medicine bottle4]
COMPONENT n=8 canon=[L02_Content_medicine_bottle3_(5)_medicine bottle3]
COMPONENT n=2 canon=[L02_Content_sign_(1)_mesh_node]
COMPONENT n=2 canon=[Level03ContentRoot_L03_Content_wall5_(44)_wall5]
COMPONENT n=2 canon=[L01_Content_Level01_SelectedArt_SourceManifest_SetDressing_room鈥憇ign_(1)_mesh_node]
COMPONENT n=2 canon=[L01_Content_Level01_SelectedArt_SourceManifest_SetDressing_medicine_bottle9_(1)_medicine bottle9]
COMPONENT n=2 canon=[L02_Content_medicine_bottle4_(7)_medicine bottle4]
COMPONENT n=2 canon=[L02_Content_medicine_bottle1_(8)_medicine bottle1]
COMPONENT n=2 canon=[L02_Content_medicine_bottle6_(5)_medicine bottle6]
COMPONENT n=6 canon=[FootprintMarker_Quad_32872]
COMPONENT n=2 canon=[L03_Content_all_picture_(3)_all picture]
COMPONENT n=4 canon=[L03_Content_bed_(1)_bed]
COMPONENT n=2 canon=[L03_Content_wall5_(38)_wall5]
COMPONENT n=2 canon=[L03_Content_metal_stairs_(1)_metal_stairs]
COMPONENT n=2 canon=[L02_Content_all_picture_(2)_all picture]
COMPONENT n=4 canon=[L02_Content_medical_drawer_cart_(2)_mesh_node]
COMPONENT n=2 canon=[Level03ContentRoot_L03_Content_metal_grille_window_(2)_mesh_node]
COMPONENT n=2 canon=[L01_Content_Level01_SelectedArt_SourceManifest_SetDressing_jack鈥慽n鈥憈he鈥慴ox_(1)_jack鈥慽n鈥憈he鈥慴ox]
COMPONENT n=2 canon=[L02_Content_medical_privacy_screen_(22)_mesh_node]
COMPONENT n=4 canon=[L02_Content_wall5_(5)_wall5]
COMPONENT n=14 canon=[L03_Content_EmergencyButton_(4)_mesh_node.021]
COMPONENT n=2 canon=[L02_Content_medical_privacy_screen_(18)_mesh_node]
COMPONENT n=2 canon=[L01_Content_Level01_SelectedArt_SourceManifest_SetDressing_screen_(3)_mesh_node]
COMPONENT n=2 canon=[L01_Content_Level01_SelectedArt_SourceManifest_SetDressing_stool_(1)_stool]
COMPONENT n=48 canon=[L03_Content_WallLamp2_(1)_WallLamp2]
COMPONENT n=2 canon=[L03_Content_dining_table_chair_(1)_dining_table chair]
COMPONENT n=2 canon=[L01_Content_Level01_SelectedArt_SourceManifest_SetDressing_medicine_bottle4_(1)_medicine bottle4]
COMPONENT n=3 canon=[L04_Content_stretcher_(1)_mesh_node]
COMPONENT n=2 canon=[L02_Content_old_clipboard_(4)_old_clipboard]
COMPONENT n=2 canon=[L02_Content_wall5_(12)_wall5]
COMPONENT n=2 canon=[L02_Content_DirtyLinenTrolley_(1)_mesh_node]
COMPONENT n=4 canon=[L05_Content_VintageApothecaryCabinet_(1)_tripo_node_8c96c434]
COMPONENT n=2 canon=[L045_Content_wall_tile_(18)_mesh_node]
COMPONENT n=2 canon=[L01_Content_Level01_SelectedArt_SourceManifest_SetDressing_medicine_bottle2_(1)_medicine bottle2]
COMPONENT n=55 canon=[L02_Content_pipe_(3)_mesh_node]
COMPONENT n=4 canon=[L02_Content_medicine_bottle6_(6)_medicine bottle6]
COMPONENT n=2 canon=[L03_Content_hospital_sign5_(1)_hospital sign5]
COMPONENT n=2 canon=[Level03ContentRoot_L03_Content_all_picture_(3)_all picture]
COMPONENT n=5 canon=[L05_Content_honor_flag_(1)_mesh_node]
COMPONENT n=2 canon=[L03_Content_wall5_(13)_wall5]
COMPONENT n=2 canon=[L02_Content_wall5_(17)_wall5]
COMPONENT n=2 canon=[L02_Content_carpet_(4)_mesh_node]
COMPONENT n=5 canon=[Level03ContentRoot_L03_Content_wall5_(40)_wall5]
COMPONENT n=5 canon=[L03_Content_weight_scale_(2)_mesh_node]
COMPONENT n=2 canon=[L02_Content_screen_(9)_mesh_node]
COMPONENT n=2 canon=[L01_Content_Level01_SelectedArt_SourceManifest_SetDressing_all__kids_paintings_(1)_all  kids_paintings]
COMPONENT n=10 canon=[L03_Content_hospital_bed_(4)_hospital bed]
COMPONENT n=2 canon=[L02_Content_medicine_bottle4_(9)_medicine bottle4]
COMPONENT n=2 canon=[L01_Content_Level01_SelectedArt_SourceManifest_SetDressing_picture4_(1)_picture4]
COMPONENT n=2 canon=[L02_Content_wall5_(4)_wall5]
COMPONENT n=2 canon=[L01_Content_Level01_SelectedArt_SourceManifest_SetDressing_medicine_bottle6_(1)_medicine bottle6]
COMPONENT n=2 canon=[L02_Content_medical_privacy_screen_(23)_mesh_node]
COMPONENT n=2 canon=[L03_Content_old_window_(1)_old_window]
COMPONENT n=2 canon=[L03_Content_table_and_chairs_(1)_table_and_chairs]
COMPONENT n=3 canon=[L02_Content_wall3_(6)_wall3]
COMPONENT n=4 canon=[L02_Content_hospital_sign9_(1)_hospital sign9]
COMPONENT n=2 canon=[L02_Content_medicine_bottle3_(9)_medicine bottle3]
COMPONENT n=2 canon=[L01_Content_Level01_SelectedArt_SourceManifest_SetDressing_medical_drawer_cart_(1)_mesh_node]
COMPONENT n=4 canon=[L03_Content_toy_dice_(1)_toy dice]
COMPONENT n=2 canon=[L02_Content_old_clipboard_(6)_old_clipboard]
COMPONENT n=30 canon=[L03_Content_J鈥態ox_(1)_mesh_node]
COMPONENT n=2 canon=[L02_Content_medical_privacy_screen_(21)_mesh_node]
COMPONENT n=2 canon=[L01_Content_Level01_SelectedArt_SourceManifest_SetDressing_cabinet_(2)_cabinet]
COMPONENT n=2 canon=[L01_Content_Level01_SelectedArt_SourceManifest_SetDressing_metal_tray_(1)_metal tray]
COMPONENT n=2 canon=[L03_Content_MedicineShelfCabinet_(1)_mesh_node]
COMPONENT n=2 canon=[L02_Content_carpet_(3)_mesh_node]
COMPONENT n=20 canon=[L02_Content_medical_privacy_screen_(4)_mesh_node]
COMPONENT n=2 canon=[Level03ContentRoot_L03_Content_door5__jamb_(4)_mesh_node]
COMPONENT n=2 canon=[L02_Content_Meshy_AI_Weathered_Wood_Chair_0803213228_texture_(2)_mesh_node]
COMPONENT n=2 canon=[Level03ContentRoot_L03_Content_wall5_(19)_wall5]
COMPONENT n=2 canon=[L02_Content_medicine_bottle6_(4)_medicine bottle6]
COMPONENT n=8 canon=[L02_Content_metal_grille_window_(7)_mesh_node]
COMPONENT n=2 canon=[L02_Content_screen_(7)_mesh_node]
COMPONENT n=2 canon=[L02_Content_screen_(6)_mesh_node]
COMPONENT n=2 canon=[L01_Content_Level01_SelectedArt_SourceManifest_SetDressing_big_metal_locker_(1)_big metal locker   ]
COMPONENT n=2 canon=[L02_Content_medicine_bottle1_(18)_medicine bottle1]
COMPONENT n=2 canon=[L04_Content_desk_(1)_mesh_node]
COMPONENT n=2 canon=[L01_Content_Level01_SelectedArt_SourceManifest_SetDressing_medicine_bottle1_(1)_medicine bottle1]
COMPONENT n=2 canon=[L02_Content_screen_(5)_mesh_node]
COMPONENT n=2 canon=[L01_Content_L01_HumanKey_key_mesh_node]
COMPONENT n=2 canon=[L02_Content_medicine_bottle4_(8)_medicine bottle4]
COMPONENT n=4 canon=[L02_Content_medicine_bottle1_(9)_medicine bottle1]
COMPONENT n=2 canon=[Meshy_AI_Rusty_Iron_Pedal_Car_0801143638_texture_(1)_Mesh1.0_32984]
COMPONENT n=2 canon=[L02_Content_medicine_bottle4_(15)_medicine bottle4]
COMPONENT n=2 canon=[L01_Content_Level01_SelectedArt_SourceManifest_SetDressing_small_metal_locker_(1)_small metal locker]
COMPONENT n=2 canon=[L03_Content_RoomNumber1_(1)_RoomNumber1]
COMPONENT n=2 canon=[L01_Content_Level01_SelectedArt_SourceManifest_SetDressing_picture7_(1)_picture7]
COMPONENT n=2 canon=[L01_Content_Level01_SelectedArt_SourceManifest_Architecture_wall5_(9)_wall5]
COMPONENT n=2 canon=[L04_Content_door5__jamb_(8)_mesh_node]
COMPONENT n=4 canon=[L03_Content_wheelchair_(4)_wheelchair]
COMPONENT n=2 canon=[L02_Content_screen_(4)_mesh_node]
COMPONENT n=4 canon=[L01_Content_Level01_SelectedArt_SourceManifest_SetDressing_medical_cabinet_(1)_mesh_node]
COMPONENT n=2 canon=[L01_Content_Level01_SelectedArt_SourceManifest_SetDressing_medicine_bottle7_(1)_medicine bottle7]
COMPONENT n=2 canon=[L02_Content_MedicalCabinet_(1)_mesh_node]
COMPONENT n=2 canon=[L03_Content_wall5_(19)_wall5]
COMPONENT n=2 canon=[L02_Content_hospital_sign4_(1)_hospital sign4]
COMPONENT n=2 canon=[L01_Content_Level01_SelectedArt_SourceManifest_SetDressing_medicine鈥慴ox_(1)_mesh_node]
COMPONENT n=2 canon=[L02_Content_medical_privacy_screen_(19)_mesh_node]
COMPONENT n=2 canon=[L01_Content_Level01_SelectedArt_SourceManifest_SetDressing_door_(1)_door]
COMPONENT n=5 canon=[L03_Content_picture3_(3)_picture3]
COMPONENT n=2 canon=[L02_Content_medicine_bottle5_(4)_medicine bottle5]
COMPONENT n=4 canon=[L02_Content_Carpet2_(1)_mesh_node]
COMPONENT n=4 canon=[L02_Content_medicine_bottle1_(11)_medicine bottle1]
COMPONENT n=2 canon=[L02_Content_electro鈥憁edical_cabinet_(1)_electro鈥憁edical_cabinet]
COMPONENT n=2 canon=[L02_Content_medicine_bottle1_(17)_medicine bottle1]
COMPONENT n=8 canon=[L02_Content_medicine_bottle6_(8)_medicine bottle6]
COMPONENT n=2 canon=[L02_Content_medicine_bottle4_(5)_medicine bottle4]
COMPONENT n=2 canon=[Level03ContentRoot_L03_Content_stool_(1)_stool]
COMPONENT n=2 canon=[L04_Content_MedCart_(1)_mesh_node]
COMPONENT n=3 canon=[L01_MovableStep_WoodenCrate_wooden_crate_(1)_mesh_node]
COMPONENT n=2 canon=[L01_Content_Level01_SelectedArt_SourceManifest_SetDressing_bookcase_wooden_(1)_mesh_node]
COMPONENT n=2 canon=[Level03ContentRoot_L03_Content_Meshy_AI_Weathered_Wood_Chair_0803213228_texture_(4)_mesh_node]
COMPONENT n=4 canon=[L02_Content_medicine_bottle8_(3)_medicine bottle8]
COMPONENT n=2 canon=[L02_Content_metal_tray_(4)_metal tray]
COMPONENT n=2 canon=[L02_Content_old_clipboard_(3)_old_clipboard]
COMPONENT n=2 canon=[L01_Content_Level01_SelectedArt_SourceManifest_SetDressing_carpet_(1)_mesh_node]
COMPONENT n=4 canon=[L02_Content_old_clipboard_(2)_old_clipboard]
COMPONENT n=3 canon=[L04_Content_metal_grille_window_(4)_mesh_node]
COMPONENT n=2 canon=[L03_Content_wall5_(44)_wall5]
COMPONENT n=2 canon=[L04_Content_medicine_bottle5_(16)_medicine bottle5]
COMPONENT n=2 canon=[L05_Content_medical_cabinet_(4)_mesh_node]
COMPONENT n=2 canon=[L01_Content_Level01_SelectedArt_SourceManifest_SetDressing_screen_(1)_mesh_node]
COMPONENT n=2 canon=[L02_Content_drug_storage_shelf_(2)_mesh_node]
COMPONENT n=2 canon=[L02_Content_medicine_bottle4_(13)_medicine bottle4]
COMPONENT n=2 canon=[L01_Content_Level01_SelectedArt_SourceManifest_SetDressing_all_picture_(1)_all picture]
COMPONENT n=2 canon=[L02_Content_medicine_bottle1_(19)_medicine bottle1]
COMPONENT n=5 canon=[L03_Content_wall5_(40)_wall5]
COMPONENT n=2 canon=[L01_Content_Level01_SelectedArt_SourceManifest_SetDressing_medicine_bottle8_(1)_medicine bottle8]
COMPONENT n=6 canon=[L02_Content_wall5_(7)_wall5]
COMPONENT n=2 canon=[L02_Content_screen_(11)_mesh_node]
COMPONENT n=2 canon=[L03_Content_toy1_(1)_mesh_node]
COMPONENT n=2 canon=[L01_Content_Level01_SelectedArt_SourceManifest_SetDressing_medicine_bottle5_(1)_medicine bottle5]
COMPONENT n=2 canon=[L03_Content_wall5_(52)_wall5]
